MemTotal:        4030904 kB
MemFree:         2229652 kB
MemAvailable:    2602852 kB
Buffers:           36272 kB
Cached:           562840 kB
SwapCached:            0 kB
Active:          1326820 kB
Inactive:         263576 kB
Active(anon):    1000676 kB
Inactive(anon):    34724 kB
Active(file):     326144 kB
Inactive(file):   228852 kB
Unevictable:       10560 kB
Mlocked:           10560 kB
SwapTotal:        969960 kB
SwapFree:         969960 kB
Dirty:               156 kB
Writeback:             0 kB
AnonPages:       1001872 kB
Mapped:           254644 kB
Shmem:             34772 kB
KReclaimable:      42544 kB
Slab:              78384 kB
SReclaimable:      42544 kB
SUnreclaim:        35840 kB
KernelStack:        8368 kB
PageTables:        41596 kB
NFS_Unstable:          0 kB
Bounce:                0 kB
WritebackTmp:          0 kB
CommitLimit:     2985412 kB
Committed_AS:    4591652 kB
VmallocTotal:   34359738367 kB
VmallocUsed:       33988 kB
VmallocChunk:          0 kB
Percpu:              336 kB
HardwareCorrupted:     0 kB
AnonHugePages:         0 kB
ShmemHugePages:        0 kB
ShmemPmdMapped:        0 kB
CmaTotal:              0 kB
CmaFree:               0 kB
HugePages_Total:       0
HugePages_Free:        0
HugePages_Rsvd:        0
HugePages_Surp:        0
Hugepagesize:       2048 kB
Hugetlb:               0 kB
DirectMap4k:      126912 kB
DirectMap2M:     4067328 kB
