MemTotal:        4030904 kB
MemFree:         2229924 kB
MemAvailable:    2603024 kB
Buffers:           36236 kB
Cached:           562780 kB
SwapCached:            0 kB
Active:          1326572 kB
Inactive:         263560 kB
Active(anon):    1000512 kB
Inactive(anon):    34720 kB
Active(file):     326060 kB
Inactive(file):   228840 kB
Unevictable:       10560 kB
Mlocked:           10560 kB
SwapTotal:        969960 kB
SwapFree:         969960 kB
Dirty:               104 kB
Writeback:             0 kB
AnonPages:       1001672 kB
Mapped:           254632 kB
Shmem:             34768 kB
KReclaimable:      42536 kB
Slab:              78360 kB
SReclaimable:      42536 kB
SUnreclaim:        35824 kB
KernelStack:        8352 kB
PageTables:        41596 kB
NFS_Unstable:          0 kB
Bounce:                0 kB
WritebackTmp:          0 kB
CommitLimit:     2985412 kB
Committed_AS:    4591652 kB
VmallocTotal:   34359738367 kB
VmallocUsed:       33964 kB
VmallocChunk:          0 kB
Percpu:              336 kB
HardwareCorrupted:     0 kB
AnonHugePages:         0 kB
ShmemHugePages:        0 kB
ShmemPmdMapped:        0 kB
CmaTotal:              0 kB
CmaFree:               0 kB
HugePages_Total:       0
HugePages_Free:        0
HugePages_Rsvd:        0
HugePages_Surp:        0
Hugepagesize:       2048 kB
Hugetlb:               0 kB
DirectMap4k:      126912 kB
DirectMap2M:     4067328 kB
